// Jest Snapshot v1, https://goo.gl/fbAQLP

exports[`DoDontList DoDontList.Item matches snapshot: DoDontList.Item 1`] = `
<li>
  <Tick />
  Text
</li>
`;

exports[`DoDontList matches snapshot: DoDontList-Do 1`] = `
<div
  className="govuk-do-dont-list"
>
  <HeadingLevel
    className="govuk-do-dont-list__label"
    headingLevel="h3"
  >
    Do
  </HeadingLevel>
  <ul
    className="govuk-list govuk-list--tick"
  >
    <ContextProvider
      value="do"
    />
  </ul>
</div>
`;

exports[`DoDontList matches snapshot: DoDontList-Dont 1`] = `
<div
  className="govuk-do-dont-list"
>
  <HeadingLevel
    className="govuk-do-dont-list__label"
    headingLevel="h3"
  >
    Don't
  </HeadingLevel>
  <ul
    className="govuk-list govuk-list--cross"
  >
    <ContextProvider
      value="dont"
    />
  </ul>
</div>
`;
