// Jest Snapshot v1, https://goo.gl/fbAQLP

exports[`DateInput matches snapshot 1`] = `
<DateInput
  id="testInput"
  name="testInput"
>
  <FormGroup
    id="testInput"
    inputType="dateinput"
    name="testInput"
  >
    <div
      className="govuk-form-group"
    >
      <div
        className="govuk-date-input"
        id="testInput"
      >
        <DayInput>
          <IndividualDateInput
            inputMode="numeric"
            inputType="day"
            pattern="[0-9]*"
            type="text"
          >
            <div
              className="govuk-date-input__item"
            >
              <div
                className="govuk-form-group"
              >
                <Label
                  className="govuk-date-input__label"
                  htmlFor="testInput-day"
                  id="testInput-day--label"
                >
                  <BaseLabel
                    className="govuk-date-input__label"
                    htmlFor="testInput-day"
                    id="testInput-day--label"
                  >
                    <label
                      className="govuk-label govuk-date-input__label"
                      htmlFor="testInput-day"
                      id="testInput-day--label"
                    >
                      Day
                    </label>
                  </BaseLabel>
                </Label>
                <input
                  aria-labelledby="testInput-day--label"
                  className="govuk-input govuk-date-input__input govuk-input--width-2"
                  id="testInput-day"
                  inputMode="numeric"
                  name="testInput-day"
                  onChange={[Function]}
                  pattern="[0-9]*"
                  type="text"
                />
              </div>
            </div>
          </IndividualDateInput>
        </DayInput>
        <MonthInput>
          <IndividualDateInput
            inputMode="numeric"
            inputType="month"
            pattern="[0-9]*"
            type="text"
          >
            <div
              className="govuk-date-input__item"
            >
              <div
                className="govuk-form-group"
              >
                <Label
                  className="govuk-date-input__label"
                  htmlFor="testInput-month"
                  id="testInput-month--label"
                >
                  <BaseLabel
                    className="govuk-date-input__label"
                    htmlFor="testInput-month"
                    id="testInput-month--label"
                  >
                    <label
                      className="govuk-label govuk-date-input__label"
                      htmlFor="testInput-month"
                      id="testInput-month--label"
                    >
                      Month
                    </label>
                  </BaseLabel>
                </Label>
                <input
                  aria-labelledby="testInput-month--label"
                  className="govuk-input govuk-date-input__input govuk-input--width-2"
                  id="testInput-month"
                  inputMode="numeric"
                  name="testInput-month"
                  onChange={[Function]}
                  pattern="[0-9]*"
                  type="text"
                />
              </div>
            </div>
          </IndividualDateInput>
        </MonthInput>
        <YearInput>
          <IndividualDateInput
            inputMode="numeric"
            inputType="year"
            pattern="[0-9]*"
            type="text"
          >
            <div
              className="govuk-date-input__item"
            >
              <div
                className="govuk-form-group"
              >
                <Label
                  className="govuk-date-input__label"
                  htmlFor="testInput-year"
                  id="testInput-year--label"
                >
                  <BaseLabel
                    className="govuk-date-input__label"
                    htmlFor="testInput-year"
                    id="testInput-year--label"
                  >
                    <label
                      className="govuk-label govuk-date-input__label"
                      htmlFor="testInput-year"
                      id="testInput-year--label"
                    >
                      Year
                    </label>
                  </BaseLabel>
                </Label>
                <input
                  aria-labelledby="testInput-year--label"
                  className="govuk-input govuk-date-input__input govuk-input--width-4"
                  id="testInput-year"
                  inputMode="numeric"
                  name="testInput-year"
                  onChange={[Function]}
                  pattern="[0-9]*"
                  type="text"
                />
              </div>
            </div>
          </IndividualDateInput>
        </YearInput>
      </div>
    </div>
  </FormGroup>
</DateInput>
`;
