// Jest Snapshot v1, https://goo.gl/fbAQLP

exports[`ErrorMessage matches snapshot: ErrorMessage 1`] = `
<span
  className="govuk-error-message"
  role="alert"
>
  <span
    className="govuk-u-visually-hidden"
  >
    Error: 
  </span>
  Error
</span>
`;
