// Jest Snapshot v1, https://goo.gl/fbAQLP

exports[`BodyText matches snapshot 1`] = `
<p
  className="govuk-body"
>
  Text
</p>
`;
