// Jest Snapshot v1, https://goo.gl/fbAQLP

exports[`LedeText matches snapshot 1`] = `
<p
  className="govuk-lede-text"
>
  Text
</p>
`;
