// Jest Snapshot v1, https://goo.gl/fbAQLP

exports[`Table.Cell matches snapshot 1`] = `
<td
  className="govuk-table__cell"
/>
`;
