// Jest Snapshot v1, https://goo.gl/fbAQLP

exports[`TableCaption matches snapshot 1`] = `
<caption
  className="govuk-table__caption"
/>
`;
