// Jest Snapshot v1, https://goo.gl/fbAQLP

exports[`Table.Panel adds header when prop added 1`] = `
<TablePanel
  heading="TestHeading"
  headingProps={
    Object {
      "headingLevel": "h2",
    }
  }
>
  <div
    className="govuk-table__panel-with-heading-tab"
  >
    <HeadingLevel
      className="govuk-table__heading-tab"
      headingLevel="h2"
    >
      <h2
        className="govuk-table__heading-tab"
      >
        TestHeading
      </h2>
    </HeadingLevel>
  </div>
</TablePanel>
`;

exports[`Table.Panel matches snapshot 1`] = `
<div
  className="govuk-table__panel-with-heading-tab"
/>
`;
