// Jest Snapshot v1, https://goo.gl/fbAQLP

exports[`Table.Body matches snapshot 1`] = `
<tbody
  className="govuk-table__body"
>
  <ContextProvider
    value={2}
  />
</tbody>
`;
