// Jest Snapshot v1, https://goo.gl/fbAQLP

exports[`FormGroup matches snapshot 1`] = `
<FormGroup
  id="testID"
  inputType="input"
>
  <div
    className="govuk-form-group"
  >
    <input
      id="testID"
      name="testID"
    />
  </div>
</FormGroup>
`;
