// Jest Snapshot v1, https://goo.gl/fbAQLP

exports[`Radios matches snapshot 1`] = `
<Radios
  id="example"
  name="example"
  role="radiogroup"
>
  <FormGroup
    id="example"
    inputType="radios"
    name="example"
    role="radiogroup"
  >
    <div
      className="govuk-form-group"
    >
      <div
        className="govuk-radios"
        id="example"
        role="radiogroup"
      >
        <Radio
          id="example-1"
          type="radio"
          value="yes"
        >
          <div
            className="govuk-radios__item"
          >
            <input
              aria-labelledby="example-1--label"
              className="govuk-radios__input"
              id="example-1"
              name="example"
              onChange={[Function]}
              type="radio"
              value="yes"
            />
            <Label
              className="govuk-radios__label"
              htmlFor="example-1"
              id="example-1--label"
            >
              <BaseLabel
                className="govuk-radios__label"
                htmlFor="example-1"
                id="example-1--label"
              >
                <label
                  className="govuk-label govuk-radios__label"
                  htmlFor="example-1"
                  id="example-1--label"
                >
                  Yes
                </label>
              </BaseLabel>
            </Label>
          </div>
        </Radio>
        <Radio
          id="example-2"
          type="radio"
          value="no"
        >
          <div
            className="govuk-radios__item"
          >
            <input
              aria-labelledby="example-2--label"
              className="govuk-radios__input"
              id="example-2"
              name="example"
              onChange={[Function]}
              type="radio"
              value="no"
            />
            <Label
              className="govuk-radios__label"
              htmlFor="example-2"
              id="example-2--label"
            >
              <BaseLabel
                className="govuk-radios__label"
                htmlFor="example-2"
                id="example-2--label"
              >
                <label
                  className="govuk-label govuk-radios__label"
                  htmlFor="example-2"
                  id="example-2--label"
                >
                  No
                </label>
              </BaseLabel>
            </Label>
          </div>
        </Radio>
      </div>
    </div>
  </FormGroup>
</Radios>
`;