// Jest Snapshot v1, https://goo.gl/fbAQLP

exports[`Pagination Pagination.Link matches snapshot: Pagination.Link 1`] = `
<li
  className=""
>
  <a
    className="govuk-pagination__link"
  >
    <span
      className="govuk-pagination__title"
    />
    <span
      className="govuk-u-visually-hidden"
    >
      :
    </span>
    <span
      className="govuk-pagination__page"
    />
  </a>
</li>
`;

exports[`Pagination matches snapshot: Pagination 1`] = `
<nav
  aria-label="Pagination"
  className="govuk-pagination"
  role="navigation"
>
  <ul
    className="govuk-list govuk-pagination__list"
  />
</nav>
`;
