// Jest Snapshot v1, https://goo.gl/fbAQLP

exports[`ReviewDate matches snapshot: ReviewDate 1`] = `
<div
  className="govuk-review-date"
>
  <p
    className="govuk-body-s"
  />
</div>
`;
