// Jest Snapshot v1, https://goo.gl/fbAQLP

exports[`SummaryList SummaryList.Actions matches snapshot 1`] = `
<dd
  className="govuk-summary-list__actions"
>
  Actions
</dd>
`;

exports[`SummaryList SummaryList.Key matches snapshot 1`] = `
<dt
  className="govuk-summary-list__key"
>
  Key
</dt>
`;

exports[`SummaryList SummaryList.Row matches snapshot 1`] = `
<div
  className="govuk-summary-list__row"
>
  Row
</div>
`;

exports[`SummaryList SummaryList.Value matches snapshot 1`] = `
<dd
  className="govuk-summary-list__value"
>
  Value
</dd>
`;

exports[`SummaryList matches snapshot: SummaryList 1`] = `
<dl
  className="govuk-summary-list"
/>
`;
