// Jest Snapshot v1, https://goo.gl/fbAQLP

exports[`BackLink matches snapshot: BackLink 1`] = `
<div
  className="govuk-back-link"
>
  <a
    className="govuk-back-link__link"
    href="/back"
  >
    <ChevronLeft />
    Back
  </a>
</div>
`;
