// Jest Snapshot v1, https://goo.gl/fbAQLP

exports[` 1`] = `
<p
  className="govuk-promo__description"
>
  Description
</p>
`;

exports[`Promo Promo.Heading matches snapshot: Promo.Heading 1`] = `
<PromoHeading
  headingLevel="h3"
>
  <HeadingLevel
    className="govuk-promo__heading"
    headingLevel="h3"
  >
    <h3
      className="govuk-promo__heading"
    >
      Heading
    </h3>
  </HeadingLevel>
</PromoHeading>
`;

exports[`Promo matches snapshot: Promo 1`] = `
<Promo>
  <BasePromo
    imageProps={Object {}}
  >
    <div
      className="govuk-promo"
    >
      <a
        className="govuk-promo__link-wrapper"
      >
        <div
          className="govuk-promo__content"
        />
      </a>
    </div>
  </BasePromo>
</Promo>
`;
