// Jest Snapshot v1, https://goo.gl/fbAQLP

exports[`ListPanel ListPanel.Item matches snapshot: ListPanel.Item 1`] = `
<li
  className="govuk-list-panel__item"
/>
`;

exports[`ListPanel ListPanel.LinkItem matches snapshot: ListPanel.LinkItem 1`] = `
<PanelItem>
  <a
    className="govuk-list-panel__link"
  />
</PanelItem>
`;

exports[`ListPanel ListPanel.Panel matches snapshot: ListPanel.Panel 1`] = `
<li>
  <div
    className="govuk-list-panel"
  >
    <ul
      className="govuk-list-panel__list"
    />
  </div>
</li>
`;

exports[`ListPanel matches snapshot: ListPanel 1`] = `
<ol
  className="govuk-list"
/>
`;
